// Jest Snapshot v1, https://goo.gl/fbAQLP

exports[`renders a SeaCreatureCard 1`] = `
<div
  className="critter"
>
  <img
    alt="sea creature"
    src="Horseshoe Crab.png"
  />
  <p
    className="critter-name"
  >
    Horseshoe Crab
  </p>
  <p
    className="availability"
  >
    Available: 
    9pm - 4am
  </p>
  <p>
    Price: 
    2,500
     Bells
  </p>
</div>
`;
